  Scanning sources for module dependencies...
  ConsoleManager.h
  Compiling...
  ConsoleManager.h
  Console.cpp
  ConsoleManager.cpp
  CPUCore.cpp
  CPUScheduler.cpp
  FCFSScheduler.cpp
  FirstFit.cpp
C:\Users\Aurelio Garcia\Documents\COMSCI\CSOPESY\Group 3 - MCO1\CSOPESY_Group3\MCO1\FirstFit.cpp(40,46): warning C4267: '=': conversion from 'size_t' to 'int', possible loss of data
  main.cpp
C:\Users\Aurelio Garcia\Documents\COMSCI\CSOPESY\Group 3 - MCO1\CSOPESY_Group3\MCO1\main.cpp(45,26): warning C4305: 'initializing': truncation from 'double' to 'float'
  Marquee.cpp
  MemoryAllocator.cpp
  NonPreemptiveSJF.cpp
  PreemptiveSJF.cpp
  Process.cpp
  ProcessScreen.cpp
  ReadyQueue.cpp
  RRScheduler.cpp
  Scheduler.cpp
  OSConfig.cpp
C:\Users\Aurelio Garcia\Documents\COMSCI\CSOPESY\Group 3 - MCO1\CSOPESY_Group3\MCO1\OSConfig.cpp(69,42): warning C4244: '=': conversion from 'double' to 'float', possible loss of data
C:\Users\Aurelio Garcia\Documents\COMSCI\CSOPESY\Group 3 - MCO1\CSOPESY_Group3\MCO1\OSConfig.cpp(72,39): warning C4244: '=': conversion from 'double' to 'float', possible loss of data
  MainMenu.cpp
  Generating Code...
  MCO1.vcxproj -> C:\Users\Aurelio Garcia\Documents\COMSCI\CSOPESY\Group 3 - MCO1\CSOPESY_Group3\MCO1\x64\Debug\MCO1.exe
