c:\users\aurelio garcia\documents\comsci\csopesy\group 3 - mco1\csopesy_group3\mco1\mco1\x64\debug\vc143.pdb
c:\users\aurelio garcia\documents\comsci\csopesy\group 3 - mco1\csopesy_group3\mco1\mco1\x64\debug\vc143.idb
c:\users\aurelio garcia\documents\comsci\csopesy\group 3 - mco1\csopesy_group3\mco1\mco1\x64\debug\mainmenu.obj
c:\users\aurelio garcia\documents\comsci\csopesy\group 3 - mco1\csopesy_group3\mco1\mco1\x64\debug\osconfig.obj
c:\users\aurelio garcia\documents\comsci\csopesy\group 3 - mco1\csopesy_group3\mco1\mco1\x64\debug\scheduler.obj
c:\users\aurelio garcia\documents\comsci\csopesy\group 3 - mco1\csopesy_group3\mco1\mco1\x64\debug\rrscheduler.obj
c:\users\aurelio garcia\documents\comsci\csopesy\group 3 - mco1\csopesy_group3\mco1\mco1\x64\debug\readyqueue.obj
c:\users\aurelio garcia\documents\comsci\csopesy\group 3 - mco1\csopesy_group3\mco1\mco1\x64\debug\processscreen.obj
c:\users\aurelio garcia\documents\comsci\csopesy\group 3 - mco1\csopesy_group3\mco1\mco1\x64\debug\process.obj
c:\users\aurelio garcia\documents\comsci\csopesy\group 3 - mco1\csopesy_group3\mco1\mco1\x64\debug\preemptivesjf.obj
c:\users\aurelio garcia\documents\comsci\csopesy\group 3 - mco1\csopesy_group3\mco1\mco1\x64\debug\nonpreemptivesjf.obj
c:\users\aurelio garcia\documents\comsci\csopesy\group 3 - mco1\csopesy_group3\mco1\mco1\x64\debug\memoryallocator.obj
c:\users\aurelio garcia\documents\comsci\csopesy\group 3 - mco1\csopesy_group3\mco1\mco1\x64\debug\marquee.obj
c:\users\aurelio garcia\documents\comsci\csopesy\group 3 - mco1\csopesy_group3\mco1\mco1\x64\debug\main.obj
c:\users\aurelio garcia\documents\comsci\csopesy\group 3 - mco1\csopesy_group3\mco1\mco1\x64\debug\firstfit.obj
c:\users\aurelio garcia\documents\comsci\csopesy\group 3 - mco1\csopesy_group3\mco1\mco1\x64\debug\fcfsscheduler.obj
c:\users\aurelio garcia\documents\comsci\csopesy\group 3 - mco1\csopesy_group3\mco1\mco1\x64\debug\cpuscheduler.obj
c:\users\aurelio garcia\documents\comsci\csopesy\group 3 - mco1\csopesy_group3\mco1\mco1\x64\debug\cpucore.obj
c:\users\aurelio garcia\documents\comsci\csopesy\group 3 - mco1\csopesy_group3\mco1\mco1\x64\debug\consolemanager.obj
c:\users\aurelio garcia\documents\comsci\csopesy\group 3 - mco1\csopesy_group3\mco1\mco1\x64\debug\console.obj
c:\users\aurelio garcia\documents\comsci\csopesy\group 3 - mco1\csopesy_group3\mco1\mco1\x64\debug\consolemanager.h.ifc
c:\users\aurelio garcia\documents\comsci\csopesy\group 3 - mco1\csopesy_group3\mco1\mco1\x64\debug\consolemanager.h.ifc.d.json
c:\users\aurelio garcia\documents\comsci\csopesy\group 3 - mco1\csopesy_group3\mco1\mco1\x64\debug\consolemanager.h.obj
c:\users\aurelio garcia\documents\comsci\csopesy\group 3 - mco1\csopesy_group3\mco1\mco1\x64\debug\consolemanager.h.module.json
c:\users\aurelio garcia\documents\comsci\csopesy\group 3 - mco1\csopesy_group3\mco1\mco1\x64\debug\mco1.tlog\cl.command.1.tlog
c:\users\aurelio garcia\documents\comsci\csopesy\group 3 - mco1\csopesy_group3\mco1\mco1\x64\debug\mco1.tlog\cl.read.1.tlog
c:\users\aurelio garcia\documents\comsci\csopesy\group 3 - mco1\csopesy_group3\mco1\mco1\x64\debug\mco1.tlog\cl.write.1.tlog
c:\users\aurelio garcia\documents\comsci\csopesy\group 3 - mco1\csopesy_group3\mco1\mco1\x64\debug\mco1_md.tlog\cl.command.1.tlog
c:\users\aurelio garcia\documents\comsci\csopesy\group 3 - mco1\csopesy_group3\mco1\mco1\x64\debug\mco1_md.tlog\microsoft.build.cpptasks.cl.read.1.tlog
c:\users\aurelio garcia\documents\comsci\csopesy\group 3 - mco1\csopesy_group3\mco1\mco1\x64\debug\mco1_md.tlog\microsoft.build.cpptasks.cl.write.1.tlog
