  CPUScheduler.cpp
C:\Users\Aurelio Garcia\Documents\COMSCI\CSOPESY\Group 3 - SW\CSOPESY_Group3\MCO1\CPUScheduler.cpp(26): error C2259: 'CPUScheduler': cannot instantiate abstract class
C:\Users\Aurelio Garcia\Documents\COMSCI\CSOPESY\Group 3 - SW\CSOPESY_Group3\MCO1\CPUScheduler.h(17): message : see declaration of 'CPUScheduler'
C:\Users\Aurelio Garcia\Documents\COMSCI\CSOPESY\Group 3 - SW\CSOPESY_Group3\MCO1\CPUScheduler.cpp(26): message : due to following members:
C:\Users\Aurelio Garcia\Documents\COMSCI\CSOPESY\Group 3 - SW\CSOPESY_Group3\MCO1\CPUScheduler.cpp(26): message : 'void Console::activate(void)': is abstract
C:\Users\Aurelio Garcia\Documents\COMSCI\CSOPESY\Group 3 - SW\CSOPESY_Group3\MCO1\Console.h(18): message : see declaration of 'Console::activate'
C:\Users\Aurelio Garcia\Documents\COMSCI\CSOPESY\Group 3 - SW\CSOPESY_Group3\MCO1\CPUScheduler.cpp(26): message : 'void Console::display(void)': is abstract
C:\Users\Aurelio Garcia\Documents\COMSCI\CSOPESY\Group 3 - SW\CSOPESY_Group3\MCO1\Console.h(19): message : see declaration of 'Console::display'
C:\Users\Aurelio Garcia\Documents\COMSCI\CSOPESY\Group 3 - SW\CSOPESY_Group3\MCO1\CPUScheduler.cpp(26): message : 'void Console::process(void)': is abstract
C:\Users\Aurelio Garcia\Documents\COMSCI\CSOPESY\Group 3 - SW\CSOPESY_Group3\MCO1\Console.h(20): message : see declaration of 'Console::process'
C:\Users\Aurelio Garcia\Documents\COMSCI\CSOPESY\Group 3 - SW\CSOPESY_Group3\MCO1\CPUScheduler.cpp(26,41): error C2259: 'CPUScheduler': cannot instantiate abstract class
C:\Users\Aurelio Garcia\Documents\COMSCI\CSOPESY\Group 3 - SW\CSOPESY_Group3\MCO1\CPUScheduler.h(17): message : see declaration of 'CPUScheduler'
C:\Users\Aurelio Garcia\Documents\COMSCI\CSOPESY\Group 3 - SW\CSOPESY_Group3\MCO1\CPUScheduler.cpp(26,41): message : due to following members:
C:\Users\Aurelio Garcia\Documents\COMSCI\CSOPESY\Group 3 - SW\CSOPESY_Group3\MCO1\CPUScheduler.cpp(26,41): message : 'void Console::activate(void)': is abstract
C:\Users\Aurelio Garcia\Documents\COMSCI\CSOPESY\Group 3 - SW\CSOPESY_Group3\MCO1\Console.h(18): message : see declaration of 'Console::activate'
C:\Users\Aurelio Garcia\Documents\COMSCI\CSOPESY\Group 3 - SW\CSOPESY_Group3\MCO1\CPUScheduler.cpp(26,41): message : 'void Console::display(void)': is abstract
C:\Users\Aurelio Garcia\Documents\COMSCI\CSOPESY\Group 3 - SW\CSOPESY_Group3\MCO1\Console.h(19): message : see declaration of 'Console::display'
C:\Users\Aurelio Garcia\Documents\COMSCI\CSOPESY\Group 3 - SW\CSOPESY_Group3\MCO1\CPUScheduler.cpp(26,41): message : 'void Console::process(void)': is abstract
C:\Users\Aurelio Garcia\Documents\COMSCI\CSOPESY\Group 3 - SW\CSOPESY_Group3\MCO1\Console.h(20): message : see declaration of 'Console::process'
  FCFSScheduler.cpp
  RRScheduler.cpp
  Generating Code...

Project Performance Summary:
     3109 ms  C:\Users\Aurelio Garcia\Documents\COMSCI\CSOPESY\Group 3 - SW\CSOPESY_Group3\MCO1\MCO1.vcxproj   1 calls
               3109 ms  Build                                      1 calls

Target Performance Summary:
        0 ms  BeforeBuildGenerateSources                 1 calls
        0 ms  BeforeClCompile                            1 calls
        0 ms  ResolveReferences                          1 calls
        0 ms  BuildGenerateSourcesTraverse               1 calls
        0 ms  SelectClCompile                            1 calls
        0 ms  _SelectedFiles                             1 calls
        0 ms  SelectCustomBuild                          1 calls
        0 ms  ComputeCustomBuildOutput                   1 calls
        0 ms  FindReferenceAssembliesForReferences       1 calls
        0 ms  _Xsd                                       1 calls
        0 ms  MakeDirsForMidl                            1 calls
        0 ms  AfterMidl                                  1 calls
        0 ms  _Midl                                      1 calls
        0 ms  AfterBuildGenerateSources                  1 calls
        0 ms  AfterBuildGenerateSourcesEvent             1 calls
        0 ms  _BuildGenerateSourcesAction                1 calls
        0 ms  BuildGenerateSources                       1 calls
        0 ms  BuildCompileTraverse                       1 calls
        0 ms  ResolveAssemblyReferences                  1 calls
        0 ms  ExpandSDKReferences                        1 calls
        0 ms  AfterResolveReferences                     1 calls
        0 ms  GetReferencedVCProjectsInfo                1 calls
        0 ms  _PrepareForReferenceResolution             1 calls
        0 ms  BeforeResolveReferences                    1 calls
        0 ms  _SplitProjectReferencesByFileExistence     1 calls
        0 ms  _AddOutputPathToGlobalPropertiesToRemove   1 calls
        0 ms  PrepareProjectReferences                   1 calls
        0 ms  ResolveSDKReferences                       1 calls
        0 ms  ResolveProjectReferences                   1 calls
        0 ms  ComputeCLInputPDBName                      1 calls
        0 ms  SetBuildDefaultEnvironmentVariables        1 calls
        0 ms  _CheckWindowsSDKInstalled                  1 calls
        0 ms  GetReferenceAssemblyPaths                  1 calls
        1 ms  GetFrameworkPaths                          1 calls
        1 ms  CopyFileToFolders                          1 calls
        1 ms  PreBuildEvent                              1 calls
        1 ms  ComputeMIDLGeneratedCompileInputs          1 calls
        1 ms  ComputeReferenceCLInput                    1 calls
        1 ms  SetCABuildNativeEnvironmentVariables       1 calls
        1 ms  AddExternalIncludDirectoriesToPaths        1 calls
        1 ms  GetResolvedWinMD                           1 calls
        1 ms  MakeDirsForCl                              1 calls
        1 ms  _PrepareForBuild                           1 calls
        2 ms  AssignProjectConfiguration                 1 calls
        4 ms  WarnCompileDuplicatedFilename              1 calls
        6 ms  InitializeBuildStatus                      1 calls
        7 ms  SetTelemetryEnvironmentVariables           1 calls
        7 ms  FixupCLCompileOptions                      1 calls
       10 ms  CustomBuild                                1 calls
       10 ms  PrepareForBuild                            1 calls
       14 ms  _CheckForInvalidConfigurationAndPlatform   1 calls
       46 ms  _GetProjectReferenceTargetFrameworkProperties   1 calls
     2990 ms  ClCompile                                  1 calls

Task Performance Summary:
        0 ms  MSBuild                                    1 calls
        1 ms  AssignProjectConfiguration                 1 calls
        1 ms  Message                                    2 calls
        1 ms  Touch                                      1 calls
        2 ms  ReadLinesFromFile                          1 calls
        2 ms  SetEnv                                     9 calls
        2 ms  WriteLinesToFile                           1 calls
        3 ms  CheckVCToolsetVersion                      1 calls
        4 ms  MakeDir                                    5 calls
       11 ms  GetOutOfDateItems                          3 calls
     2987 ms  CL                                         1 calls
